2026-05-08 13:17:01 [JavaFX-Launcher] ERROR database.DB_manager - Cannot connect to database : Could not find /.env on the classpath
io.github.cdimascio.dotenv.DotenvException: Could not find /.env on the classpath
	at io.github.cdimascio.dotenv.internal.ClasspathHelper.loadFileFromClasspath(ClasspathHelper.java:25)
	at io.github.cdimascio.dotenv.internal.DotenvReader.read(DotenvReader.java:57)
	at io.github.cdimascio.dotenv.internal.DotenvParser.lines(DotenvParser.java:102)
	at io.github.cdimascio.dotenv.internal.DotenvParser.parse(DotenvParser.java:62)
	at io.github.cdimascio.dotenv.DotenvBuilder.load(DotenvBuilder.java:76)
	at io.github.cdimascio.dotenv.Dotenv.load(Dotenv.java:38)
	at database.DB_manager.init(DB_manager.java:14)
	at application.Main.init(Main.java:15)
	at com.sun.javafx.application.LauncherImpl.launchApplication1(LauncherImpl.java:817)
	at com.sun.javafx.application.LauncherImpl.lambda$launchApplication$2(LauncherImpl.java:196)
	at java.base/java.lang.Thread.run(Thread.java:1474)
	Suppressed: io.github.cdimascio.dotenv.DotenvException: Could not find .\.env on the file system (working directory: C:\VSCode Project\CNPM-project)
		at io.github.cdimascio.dotenv.internal.DotenvReader.read(DotenvReader.java:62)
		... 9 common frames omitted
2026-05-08 13:45:43 [JavaFX-Launcher] ERROR database.DB_manager - Cannot connect to database : Could not find /.env on the classpath
io.github.cdimascio.dotenv.DotenvException: Could not find /.env on the classpath
	at io.github.cdimascio.dotenv.internal.ClasspathHelper.loadFileFromClasspath(ClasspathHelper.java:25)
	at io.github.cdimascio.dotenv.internal.DotenvReader.read(DotenvReader.java:57)
	at io.github.cdimascio.dotenv.internal.DotenvParser.lines(DotenvParser.java:102)
	at io.github.cdimascio.dotenv.internal.DotenvParser.parse(DotenvParser.java:62)
	at io.github.cdimascio.dotenv.DotenvBuilder.load(DotenvBuilder.java:76)
	at io.github.cdimascio.dotenv.Dotenv.load(Dotenv.java:38)
	at database.DB_manager.init(DB_manager.java:14)
	at application.Main.init(Main.java:15)
	at com.sun.javafx.application.LauncherImpl.launchApplication1(LauncherImpl.java:817)
	at com.sun.javafx.application.LauncherImpl.lambda$launchApplication$2(LauncherImpl.java:196)
	at java.base/java.lang.Thread.run(Thread.java:1474)
	Suppressed: io.github.cdimascio.dotenv.DotenvException: Could not find .\.env on the file system (working directory: C:\VSCode Project\CNPM-project)
		at io.github.cdimascio.dotenv.internal.DotenvReader.read(DotenvReader.java:62)
		... 9 common frames omitted
2026-05-08 13:45:45 [JavaFX Application Thread] INFO  services.ResidentServices - user has role for finding all Residents
2026-05-08 13:45:45 [JavaFX Application Thread] ERROR database.DB_manager - Cannot connect to database : Could not find /.env on the classpath
io.github.cdimascio.dotenv.DotenvException: Could not find /.env on the classpath
	at io.github.cdimascio.dotenv.internal.ClasspathHelper.loadFileFromClasspath(ClasspathHelper.java:25)
	at io.github.cdimascio.dotenv.internal.DotenvReader.read(DotenvReader.java:57)
	at io.github.cdimascio.dotenv.internal.DotenvParser.lines(DotenvParser.java:102)
	at io.github.cdimascio.dotenv.internal.DotenvParser.parse(DotenvParser.java:62)
	at io.github.cdimascio.dotenv.DotenvBuilder.load(DotenvBuilder.java:76)
	at io.github.cdimascio.dotenv.Dotenv.load(Dotenv.java:38)
	at database.DB_manager.init(DB_manager.java:14)
	at database.DB_manager.getFactory(DB_manager.java:30)
	at repository.ResidentRepo.findAll(ResidentRepo.java:14)
	at services.ResidentServices.findAll(ResidentServices.java:27)
	at controllers.ResidentTableController.reloadAll(ResidentTableController.java:140)
	at controllers.ResidentTableController.initialize(ResidentTableController.java:50)
	at java.base/jdk.internal.reflect.DirectMethodHandleAccessor.invoke(DirectMethodHandleAccessor.java:104)
	at java.base/java.lang.reflect.Method.invoke(Method.java:565)
	at com.sun.javafx.reflect.Trampoline.invoke(MethodUtil.java:72)
	at java.base/jdk.internal.reflect.DirectMethodHandleAccessor.invoke(DirectMethodHandleAccessor.java:104)
	at java.base/java.lang.reflect.Method.invoke(Method.java:565)
	at com.sun.javafx.reflect.MethodUtil.invoke(MethodUtil.java:270)
	at com.sun.javafx.fxml.MethodHelper.invoke(MethodHelper.java:84)
	at javafx.fxml.FXMLLoader.loadImpl(FXMLLoader.java:2688)
	at javafx.fxml.FXMLLoader.loadImpl(FXMLLoader.java:2563)
	at javafx.fxml.FXMLLoader$IncludeElement.constructValue(FXMLLoader.java:1155)
	at javafx.fxml.FXMLLoader$ValueElement.processStartElement(FXMLLoader.java:759)
	at javafx.fxml.FXMLLoader.processStartElement(FXMLLoader.java:2853)
	at javafx.fxml.FXMLLoader.loadImpl(FXMLLoader.java:2649)
	at javafx.fxml.FXMLLoader.loadImpl(FXMLLoader.java:2563)
	at javafx.fxml.FXMLLoader.load(FXMLLoader.java:2531)
	at application.Main.start(Main.java:23)
	at com.sun.javafx.application.LauncherImpl.lambda$launchApplication1$9(LauncherImpl.java:839)
	at com.sun.javafx.application.PlatformImpl.lambda$runAndWait$12(PlatformImpl.java:483)
	at com.sun.javafx.application.PlatformImpl.lambda$runLater$10(PlatformImpl.java:456)
	at java.base/java.security.AccessController.doPrivileged(AccessController.java:138)
	at com.sun.javafx.application.PlatformImpl.lambda$runLater$11(PlatformImpl.java:455)
	at com.sun.glass.ui.InvokeLaterDispatcher$Future.run(InvokeLaterDispatcher.java:95)
	at com.sun.glass.ui.win.WinApplication._runLoop(Native Method)
	at com.sun.glass.ui.win.WinApplication.lambda$runLoop$3(WinApplication.java:185)
	at java.base/java.lang.Thread.run(Thread.java:1474)
	Suppressed: io.github.cdimascio.dotenv.DotenvException: Could not find .\.env on the file system (working directory: C:\VSCode Project\CNPM-project)
		at io.github.cdimascio.dotenv.internal.DotenvReader.read(DotenvReader.java:62)
		... 35 common frames omitted
2026-05-08 13:47:31 [JavaFX-Launcher] ERROR database.DB_manager - Cannot connect to database : Could not find /.env on the classpath
io.github.cdimascio.dotenv.DotenvException: Could not find /.env on the classpath
	at io.github.cdimascio.dotenv.internal.ClasspathHelper.loadFileFromClasspath(ClasspathHelper.java:25)
	at io.github.cdimascio.dotenv.internal.DotenvReader.read(DotenvReader.java:57)
	at io.github.cdimascio.dotenv.internal.DotenvParser.lines(DotenvParser.java:102)
	at io.github.cdimascio.dotenv.internal.DotenvParser.parse(DotenvParser.java:62)
	at io.github.cdimascio.dotenv.DotenvBuilder.load(DotenvBuilder.java:76)
	at io.github.cdimascio.dotenv.Dotenv.load(Dotenv.java:38)
	at database.DB_manager.init(DB_manager.java:14)
	at application.Main.init(Main.java:15)
	at com.sun.javafx.application.LauncherImpl.launchApplication1(LauncherImpl.java:817)
	at com.sun.javafx.application.LauncherImpl.lambda$launchApplication$2(LauncherImpl.java:196)
	at java.base/java.lang.Thread.run(Thread.java:1474)
	Suppressed: io.github.cdimascio.dotenv.DotenvException: Could not find .\.env on the file system (working directory: C:\VSCode Project\CNPM-project)
		at io.github.cdimascio.dotenv.internal.DotenvReader.read(DotenvReader.java:62)
		... 9 common frames omitted
2026-05-08 13:47:44 [ForkJoinPool.commonPool-worker-1] ERROR database.DB_manager - Cannot connect to database : Could not find /.env on the classpath
io.github.cdimascio.dotenv.DotenvException: Could not find /.env on the classpath
	at io.github.cdimascio.dotenv.internal.ClasspathHelper.loadFileFromClasspath(ClasspathHelper.java:25)
	at io.github.cdimascio.dotenv.internal.DotenvReader.read(DotenvReader.java:57)
	at io.github.cdimascio.dotenv.internal.DotenvParser.lines(DotenvParser.java:102)
	at io.github.cdimascio.dotenv.internal.DotenvParser.parse(DotenvParser.java:62)
	at io.github.cdimascio.dotenv.DotenvBuilder.load(DotenvBuilder.java:76)
	at io.github.cdimascio.dotenv.Dotenv.load(Dotenv.java:38)
	at database.DB_manager.init(DB_manager.java:14)
	at database.DB_manager.getFactory(DB_manager.java:30)
	at repository.StaffRepo.findByStaffId(StaffRepo.java:9)
	at services.StaffServices.findByStaffId(StaffServices.java:27)
	at services.StaffServices.lambda$loginServices$0(StaffServices.java:35)
	at java.base/java.util.concurrent.CompletableFuture$AsyncSupply.run(CompletableFuture.java:1789)
	at java.base/java.util.concurrent.CompletableFuture$AsyncSupply.exec(CompletableFuture.java:1781)
	at java.base/java.util.concurrent.ForkJoinTask.doExec(ForkJoinTask.java:511)
	at java.base/java.util.concurrent.ForkJoinPool$WorkQueue.topLevelExec(ForkJoinPool.java:1450)
	at java.base/java.util.concurrent.ForkJoinPool.runWorker(ForkJoinPool.java:2019)
	at java.base/java.util.concurrent.ForkJoinWorkerThread.run(ForkJoinWorkerThread.java:187)
	Suppressed: io.github.cdimascio.dotenv.DotenvException: Could not find .\.env on the file system (working directory: C:\VSCode Project\CNPM-project)
		at io.github.cdimascio.dotenv.internal.DotenvReader.read(DotenvReader.java:62)
		... 15 common frames omitted
2026-05-08 13:47:44 [ForkJoinPool.commonPool-worker-1] ERROR services.StaffServices - Lỗi khi thực hiện đăng nhập: Cannot invoke "org.hibernate.SessionFactory.openSession()" because the return value of "database.DB_manager.getFactory()" is null
java.lang.NullPointerException: Cannot invoke "org.hibernate.SessionFactory.openSession()" because the return value of "database.DB_manager.getFactory()" is null
	at repository.StaffRepo.findByStaffId(StaffRepo.java:9)
	at services.StaffServices.findByStaffId(StaffServices.java:27)
	at services.StaffServices.lambda$loginServices$0(StaffServices.java:35)
	at java.base/java.util.concurrent.CompletableFuture$AsyncSupply.run(CompletableFuture.java:1789)
	at java.base/java.util.concurrent.CompletableFuture$AsyncSupply.exec(CompletableFuture.java:1781)
	at java.base/java.util.concurrent.ForkJoinTask.doExec(ForkJoinTask.java:511)
	at java.base/java.util.concurrent.ForkJoinPool$WorkQueue.topLevelExec(ForkJoinPool.java:1450)
	at java.base/java.util.concurrent.ForkJoinPool.runWorker(ForkJoinPool.java:2019)
	at java.base/java.util.concurrent.ForkJoinWorkerThread.run(ForkJoinWorkerThread.java:187)
2026-05-08 13:49:36 [JavaFX-Launcher] ERROR database.DB_manager - Cannot connect to database : Could not find /.env on the classpath
io.github.cdimascio.dotenv.DotenvException: Could not find /.env on the classpath
	at io.github.cdimascio.dotenv.internal.ClasspathHelper.loadFileFromClasspath(ClasspathHelper.java:25)
	at io.github.cdimascio.dotenv.internal.DotenvReader.read(DotenvReader.java:57)
	at io.github.cdimascio.dotenv.internal.DotenvParser.lines(DotenvParser.java:102)
	at io.github.cdimascio.dotenv.internal.DotenvParser.parse(DotenvParser.java:62)
	at io.github.cdimascio.dotenv.DotenvBuilder.load(DotenvBuilder.java:76)
	at io.github.cdimascio.dotenv.Dotenv.load(Dotenv.java:38)
	at database.DB_manager.init(DB_manager.java:14)
	at application.Main.init(Main.java:15)
	at com.sun.javafx.application.LauncherImpl.launchApplication1(LauncherImpl.java:817)
	at com.sun.javafx.application.LauncherImpl.lambda$launchApplication$2(LauncherImpl.java:196)
	at java.base/java.lang.Thread.run(Thread.java:1474)
	Suppressed: io.github.cdimascio.dotenv.DotenvException: Could not find .\.env on the file system (working directory: C:\VSCode Project\CNPM-project)
		at io.github.cdimascio.dotenv.internal.DotenvReader.read(DotenvReader.java:62)
		... 9 common frames omitted
2026-05-08 13:50:36 [ForkJoinPool.commonPool-worker-1] ERROR database.DB_manager - Cannot connect to database : Could not find /.env on the classpath
io.github.cdimascio.dotenv.DotenvException: Could not find /.env on the classpath
	at io.github.cdimascio.dotenv.internal.ClasspathHelper.loadFileFromClasspath(ClasspathHelper.java:25)
	at io.github.cdimascio.dotenv.internal.DotenvReader.read(DotenvReader.java:57)
	at io.github.cdimascio.dotenv.internal.DotenvParser.lines(DotenvParser.java:102)
	at io.github.cdimascio.dotenv.internal.DotenvParser.parse(DotenvParser.java:62)
	at io.github.cdimascio.dotenv.DotenvBuilder.load(DotenvBuilder.java:76)
	at io.github.cdimascio.dotenv.Dotenv.load(Dotenv.java:38)
	at database.DB_manager.init(DB_manager.java:14)
	at database.DB_manager.getFactory(DB_manager.java:30)
	at repository.StaffRepo.findByStaffId(StaffRepo.java:9)
	at services.StaffServices.findByStaffId(StaffServices.java:27)
	at services.StaffServices.lambda$loginServices$0(StaffServices.java:35)
	at java.base/java.util.concurrent.CompletableFuture$AsyncSupply.run(CompletableFuture.java:1789)
	at java.base/java.util.concurrent.CompletableFuture$AsyncSupply.exec(CompletableFuture.java:1781)
	at java.base/java.util.concurrent.ForkJoinTask.doExec(ForkJoinTask.java:511)
	at java.base/java.util.concurrent.ForkJoinPool$WorkQueue.topLevelExec(ForkJoinPool.java:1450)
	at java.base/java.util.concurrent.ForkJoinPool.runWorker(ForkJoinPool.java:2019)
	at java.base/java.util.concurrent.ForkJoinWorkerThread.run(ForkJoinWorkerThread.java:187)
	Suppressed: io.github.cdimascio.dotenv.DotenvException: Could not find .\.env on the file system (working directory: C:\VSCode Project\CNPM-project)
		at io.github.cdimascio.dotenv.internal.DotenvReader.read(DotenvReader.java:62)
		... 15 common frames omitted
2026-05-08 13:50:36 [ForkJoinPool.commonPool-worker-1] ERROR services.StaffServices - Lỗi khi thực hiện đăng nhập: Cannot invoke "org.hibernate.SessionFactory.openSession()" because the return value of "database.DB_manager.getFactory()" is null
java.lang.NullPointerException: Cannot invoke "org.hibernate.SessionFactory.openSession()" because the return value of "database.DB_manager.getFactory()" is null
	at repository.StaffRepo.findByStaffId(StaffRepo.java:9)
	at services.StaffServices.findByStaffId(StaffServices.java:27)
	at services.StaffServices.lambda$loginServices$0(StaffServices.java:35)
	at java.base/java.util.concurrent.CompletableFuture$AsyncSupply.run(CompletableFuture.java:1789)
	at java.base/java.util.concurrent.CompletableFuture$AsyncSupply.exec(CompletableFuture.java:1781)
	at java.base/java.util.concurrent.ForkJoinTask.doExec(ForkJoinTask.java:511)
	at java.base/java.util.concurrent.ForkJoinPool$WorkQueue.topLevelExec(ForkJoinPool.java:1450)
	at java.base/java.util.concurrent.ForkJoinPool.runWorker(ForkJoinPool.java:2019)
	at java.base/java.util.concurrent.ForkJoinWorkerThread.run(ForkJoinWorkerThread.java:187)
2026-05-08 13:50:36 [ForkJoinPool.commonPool-worker-1] ERROR database.DB_manager - Cannot connect to database : Could not find /.env on the classpath
io.github.cdimascio.dotenv.DotenvException: Could not find /.env on the classpath
	at io.github.cdimascio.dotenv.internal.ClasspathHelper.loadFileFromClasspath(ClasspathHelper.java:25)
	at io.github.cdimascio.dotenv.internal.DotenvReader.read(DotenvReader.java:57)
	at io.github.cdimascio.dotenv.internal.DotenvParser.lines(DotenvParser.java:102)
	at io.github.cdimascio.dotenv.internal.DotenvParser.parse(DotenvParser.java:62)
	at io.github.cdimascio.dotenv.DotenvBuilder.load(DotenvBuilder.java:76)
	at io.github.cdimascio.dotenv.Dotenv.load(Dotenv.java:38)
	at database.DB_manager.init(DB_manager.java:14)
	at database.DB_manager.getFactory(DB_manager.java:30)
	at repository.StaffRepo.findByStaffId(StaffRepo.java:9)
	at services.StaffServices.findByStaffId(StaffServices.java:27)
	at services.StaffServices.lambda$loginServices$0(StaffServices.java:35)
	at java.base/java.util.concurrent.CompletableFuture$AsyncSupply.run(CompletableFuture.java:1789)
	at java.base/java.util.concurrent.CompletableFuture$AsyncSupply.exec(CompletableFuture.java:1781)
	at java.base/java.util.concurrent.ForkJoinTask.doExec(ForkJoinTask.java:511)
	at java.base/java.util.concurrent.ForkJoinPool$WorkQueue.topLevelExec(ForkJoinPool.java:1450)
	at java.base/java.util.concurrent.ForkJoinPool.runWorker(ForkJoinPool.java:2019)
	at java.base/java.util.concurrent.ForkJoinWorkerThread.run(ForkJoinWorkerThread.java:187)
	Suppressed: io.github.cdimascio.dotenv.DotenvException: Could not find .\.env on the file system (working directory: C:\VSCode Project\CNPM-project)
		at io.github.cdimascio.dotenv.internal.DotenvReader.read(DotenvReader.java:62)
		... 15 common frames omitted
2026-05-08 13:50:36 [ForkJoinPool.commonPool-worker-1] ERROR services.StaffServices - Lỗi khi thực hiện đăng nhập: Cannot invoke "org.hibernate.SessionFactory.openSession()" because the return value of "database.DB_manager.getFactory()" is null
java.lang.NullPointerException: Cannot invoke "org.hibernate.SessionFactory.openSession()" because the return value of "database.DB_manager.getFactory()" is null
	at repository.StaffRepo.findByStaffId(StaffRepo.java:9)
	at services.StaffServices.findByStaffId(StaffServices.java:27)
	at services.StaffServices.lambda$loginServices$0(StaffServices.java:35)
	at java.base/java.util.concurrent.CompletableFuture$AsyncSupply.run(CompletableFuture.java:1789)
	at java.base/java.util.concurrent.CompletableFuture$AsyncSupply.exec(CompletableFuture.java:1781)
	at java.base/java.util.concurrent.ForkJoinTask.doExec(ForkJoinTask.java:511)
	at java.base/java.util.concurrent.ForkJoinPool$WorkQueue.topLevelExec(ForkJoinPool.java:1450)
	at java.base/java.util.concurrent.ForkJoinPool.runWorker(ForkJoinPool.java:2019)
	at java.base/java.util.concurrent.ForkJoinWorkerThread.run(ForkJoinWorkerThread.java:187)
2026-05-08 13:50:37 [ForkJoinPool.commonPool-worker-1] ERROR database.DB_manager - Cannot connect to database : Could not find /.env on the classpath
io.github.cdimascio.dotenv.DotenvException: Could not find /.env on the classpath
	at io.github.cdimascio.dotenv.internal.ClasspathHelper.loadFileFromClasspath(ClasspathHelper.java:25)
	at io.github.cdimascio.dotenv.internal.DotenvReader.read(DotenvReader.java:57)
	at io.github.cdimascio.dotenv.internal.DotenvParser.lines(DotenvParser.java:102)
	at io.github.cdimascio.dotenv.internal.DotenvParser.parse(DotenvParser.java:62)
	at io.github.cdimascio.dotenv.DotenvBuilder.load(DotenvBuilder.java:76)
	at io.github.cdimascio.dotenv.Dotenv.load(Dotenv.java:38)
	at database.DB_manager.init(DB_manager.java:14)
	at database.DB_manager.getFactory(DB_manager.java:30)
	at repository.StaffRepo.findByStaffId(StaffRepo.java:9)
	at services.StaffServices.findByStaffId(StaffServices.java:27)
	at services.StaffServices.lambda$loginServices$0(StaffServices.java:35)
	at java.base/java.util.concurrent.CompletableFuture$AsyncSupply.run(CompletableFuture.java:1789)
	at java.base/java.util.concurrent.CompletableFuture$AsyncSupply.exec(CompletableFuture.java:1781)
	at java.base/java.util.concurrent.ForkJoinTask.doExec(ForkJoinTask.java:511)
	at java.base/java.util.concurrent.ForkJoinPool$WorkQueue.topLevelExec(ForkJoinPool.java:1450)
	at java.base/java.util.concurrent.ForkJoinPool.runWorker(ForkJoinPool.java:2019)
	at java.base/java.util.concurrent.ForkJoinWorkerThread.run(ForkJoinWorkerThread.java:187)
	Suppressed: io.github.cdimascio.dotenv.DotenvException: Could not find .\.env on the file system (working directory: C:\VSCode Project\CNPM-project)
		at io.github.cdimascio.dotenv.internal.DotenvReader.read(DotenvReader.java:62)
		... 15 common frames omitted
2026-05-08 13:50:37 [ForkJoinPool.commonPool-worker-1] ERROR services.StaffServices - Lỗi khi thực hiện đăng nhập: Cannot invoke "org.hibernate.SessionFactory.openSession()" because the return value of "database.DB_manager.getFactory()" is null
java.lang.NullPointerException: Cannot invoke "org.hibernate.SessionFactory.openSession()" because the return value of "database.DB_manager.getFactory()" is null
	at repository.StaffRepo.findByStaffId(StaffRepo.java:9)
	at services.StaffServices.findByStaffId(StaffServices.java:27)
	at services.StaffServices.lambda$loginServices$0(StaffServices.java:35)
	at java.base/java.util.concurrent.CompletableFuture$AsyncSupply.run(CompletableFuture.java:1789)
	at java.base/java.util.concurrent.CompletableFuture$AsyncSupply.exec(CompletableFuture.java:1781)
	at java.base/java.util.concurrent.ForkJoinTask.doExec(ForkJoinTask.java:511)
	at java.base/java.util.concurrent.ForkJoinPool$WorkQueue.topLevelExec(ForkJoinPool.java:1450)
	at java.base/java.util.concurrent.ForkJoinPool.runWorker(ForkJoinPool.java:2019)
	at java.base/java.util.concurrent.ForkJoinWorkerThread.run(ForkJoinWorkerThread.java:187)
2026-05-08 13:50:37 [ForkJoinPool.commonPool-worker-1] ERROR database.DB_manager - Cannot connect to database : Could not find /.env on the classpath
io.github.cdimascio.dotenv.DotenvException: Could not find /.env on the classpath
	at io.github.cdimascio.dotenv.internal.ClasspathHelper.loadFileFromClasspath(ClasspathHelper.java:25)
	at io.github.cdimascio.dotenv.internal.DotenvReader.read(DotenvReader.java:57)
	at io.github.cdimascio.dotenv.internal.DotenvParser.lines(DotenvParser.java:102)
	at io.github.cdimascio.dotenv.internal.DotenvParser.parse(DotenvParser.java:62)
	at io.github.cdimascio.dotenv.DotenvBuilder.load(DotenvBuilder.java:76)
	at io.github.cdimascio.dotenv.Dotenv.load(Dotenv.java:38)
	at database.DB_manager.init(DB_manager.java:14)
	at database.DB_manager.getFactory(DB_manager.java:30)
	at repository.StaffRepo.findByStaffId(StaffRepo.java:9)
	at services.StaffServices.findByStaffId(StaffServices.java:27)
	at services.StaffServices.lambda$loginServices$0(StaffServices.java:35)
	at java.base/java.util.concurrent.CompletableFuture$AsyncSupply.run(CompletableFuture.java:1789)
	at java.base/java.util.concurrent.CompletableFuture$AsyncSupply.exec(CompletableFuture.java:1781)
	at java.base/java.util.concurrent.ForkJoinTask.doExec(ForkJoinTask.java:511)
	at java.base/java.util.concurrent.ForkJoinPool$WorkQueue.topLevelExec(ForkJoinPool.java:1450)
	at java.base/java.util.concurrent.ForkJoinPool.runWorker(ForkJoinPool.java:2019)
	at java.base/java.util.concurrent.ForkJoinWorkerThread.run(ForkJoinWorkerThread.java:187)
	Suppressed: io.github.cdimascio.dotenv.DotenvException: Could not find .\.env on the file system (working directory: C:\VSCode Project\CNPM-project)
		at io.github.cdimascio.dotenv.internal.DotenvReader.read(DotenvReader.java:62)
		... 15 common frames omitted
2026-05-08 13:50:37 [ForkJoinPool.commonPool-worker-1] ERROR services.StaffServices - Lỗi khi thực hiện đăng nhập: Cannot invoke "org.hibernate.SessionFactory.openSession()" because the return value of "database.DB_manager.getFactory()" is null
java.lang.NullPointerException: Cannot invoke "org.hibernate.SessionFactory.openSession()" because the return value of "database.DB_manager.getFactory()" is null
	at repository.StaffRepo.findByStaffId(StaffRepo.java:9)
	at services.StaffServices.findByStaffId(StaffServices.java:27)
	at services.StaffServices.lambda$loginServices$0(StaffServices.java:35)
	at java.base/java.util.concurrent.CompletableFuture$AsyncSupply.run(CompletableFuture.java:1789)
	at java.base/java.util.concurrent.CompletableFuture$AsyncSupply.exec(CompletableFuture.java:1781)
	at java.base/java.util.concurrent.ForkJoinTask.doExec(ForkJoinTask.java:511)
	at java.base/java.util.concurrent.ForkJoinPool$WorkQueue.topLevelExec(ForkJoinPool.java:1450)
	at java.base/java.util.concurrent.ForkJoinPool.runWorker(ForkJoinPool.java:2019)
	at java.base/java.util.concurrent.ForkJoinWorkerThread.run(ForkJoinWorkerThread.java:187)
